[CLEANUP] removed 43 existing image files from rollout_outputs\episode_000001
[DEBUG] current ee from get_ee_pose = (0.00, 14.74, 9.44) cm
[DEBUG] IK(current ee) = [-0.002687362869719087, -10.001873547968852, -140.00075588457761, 60.002629432546456]
[SCENE] instruction='grasp the blue cylinder' | target_color='blue' | target_xy=(0.076, 0.232) | objects={'red': {'body_name': 'target_object', 'xy': [-0.050859323590297434, 0.18242776161896268], 'yaw': -0.06543029476111506}, 'blue': {'body_name': 'target_object_blue', 'xy': [0.07597137984537713, 0.2324233775929463], 'yaw': -0.5546711094697813}, 'green': {'body_name': 'target_object_green', 'xy': [0.002377650100147538, 0.24487300914872956], 'yaw': -0.01339765180120045}, 'yellow': {'body_name': 'target_object_yellow', 'xy': [0.023637190443957318, 0.19882081586789127], 'yaw': -0.5116409431825885}}
[000] OK | final_delta=[-0.005, 0.0022, -0.001] | move=[-0.005, 0.0022, -0.001] | target=[-0.005, 0.1495, 0.0932] | gripper=0.0 | retries=0
[001] OK | final_delta=[-0.005, 0.0022, -0.001] | move=[-0.005, 0.0022, -0.001] | target=[-0.01, 0.1513, 0.092] | gripper=0.0 | retries=0
[002] OK | final_delta=[-0.005, 0.0022, -0.001] | move=[-0.005, 0.0022, -0.001] | target=[-0.015, 0.1532, 0.0907] | gripper=0.0 | retries=0
[003] OK | final_delta=[-0.0014, 0.005, -0.0016] | move=[-0.0014, 0.005, -0.0016] | target=[-0.0164, 0.1578, 0.089] | gripper=0.0 | retries=0
[004] OK | final_delta=[-0.0014, 0.005, -0.0016] | move=[-0.0014, 0.005, -0.0016] | target=[-0.0177, 0.1622, 0.0872] | gripper=0.0 | retries=0
[005] OK | final_delta=[-0.0014, 0.005, -0.0016] | move=[-0.0014, 0.005, -0.0016] | target=[-0.0191, 0.1666, 0.0854] | gripper=0.0 | retries=0
[006] OK | final_delta=[-0.0005, 0.005, -0.0037] | move=[-0.0005, 0.005, -0.0037] | target=[-0.0196, 0.171, 0.0815] | gripper=0.0 | retries=0
[007] OK | final_delta=[-0.0005, 0.005, 0.0016] | move=[-0.0005, 0.005, 0.0016] | target=[-0.0201, 0.1754, 0.083] | gripper=0.0 | retries=0
[008] OK | final_delta=[-0.0005, 0.005, -0.001] | move=[-0.0005, 0.005, -0.001] | target=[-0.0204, 0.1798, 0.0814] | gripper=0.0 | retries=0
[009] OK | final_delta=[-0.0005, 0.005, -0.0016] | move=[-0.0005, 0.005, -0.0016] | target=[-0.0208, 0.1842, 0.0794] | gripper=0.0 | retries=0
[010] OK | final_delta=[-0.0005, 0.0025, -0.005] | move=[-0.0005, 0.0025, -0.005] | target=[-0.0212, 0.1861, 0.074] | gripper=0.0 | retries=0
[011] OK | final_delta=[-0.0006, 0.005, 0.0016] | move=[-0.0006, 0.005, 0.0016] | target=[-0.0218, 0.1907, 0.0755] | gripper=0.0 | retries=0
[012] OK | final_delta=[-0.0006, 0.005, 0.0016] | move=[-0.0006, 0.005, 0.0016] | target=[-0.0224, 0.195, 0.0764] | gripper=0.0 | retries=0
[013] OK | final_delta=[-0.0006, 0.005, 0.0016] | move=[-0.0006, 0.005, 0.0016] | target=[-0.0229, 0.1994, 0.0772] | gripper=0.0 | retries=0
[014] OK | final_delta=[-0.0006, 0.005, 0.0016] | move=[-0.0006, 0.0013, 0.0016] | target=[-0.0235, 0.2, 0.0779] | gripper=0.0 | retries=0
[015] OK | final_delta=[-0.0005, 0.0025, -0.005] | move=[-0.0005, 0.0003, -0.005] | target=[-0.0239, 0.2, 0.0721] | gripper=0.0 | retries=0
[016] OK | final_delta=[-0.0006, 0.005, 0.0016] | move=[-0.0006, 0.0002, 0.0016] | target=[-0.0245, 0.2, 0.0735] | gripper=0.0 | retries=0
[017] OK | final_delta=[-0.0006, 0.005, 0.0016] | move=[-0.0006, 0.0002, 0.0016] | target=[-0.0251, 0.2, 0.0742] | gripper=0.0 | retries=0
[018] OK | final_delta=[-0.0005, 0.0025, -0.005] | move=[-0.0005, 0.0002, -0.005] | target=[-0.0256, 0.2, 0.0684] | gripper=0.0 | retries=0
[019] OK | final_delta=[-0.0005, 0.0025, -0.005] | move=[-0.0005, 0.0002, -0.005] | target=[-0.0261, 0.2, 0.0632] | gripper=0.0 | retries=0
[020] OK | final_delta=[-0.0, -0.0, 0.0] | move=[-0.0, -0.0, 0.0] | target=[-0.0261, 0.1997, 0.0631] | gripper=0.0 | retries=0
[021] OK | final_delta=[-0.0, -0.0, 0.0] | move=[-0.0, -0.0, 0.0] | target=[-0.0261, 0.1995, 0.0624] | gripper=0.0 | retries=0
[022] OK | final_delta=[-0.0, -0.0, 0.0] | move=[-0.0, -0.0, 0.0] | target=[-0.026, 0.1992, 0.0618] | gripper=0.0 | retries=0
[023] OK | final_delta=[-0.0, -0.0, 0.0] | move=[-0.0, -0.0, 0.0] | target=[-0.026, 0.199, 0.0612] | gripper=0.0 | retries=0
[024] OK | final_delta=[-0.0001, -0.0007, -0.005] | move=[-0.0001, -0.0007, -0.005] | target=[-0.0261, 0.198, 0.0555] | gripper=0.0 | retries=0
[025] OK | final_delta=[-0.0001, -0.0007, -0.005] | move=[-0.0001, -0.0007, -0.005] | target=[-0.0261, 0.1971, 0.0503] | gripper=0.0 | retries=0
[026] OK | final_delta=[-0.0, -0.0, 0.0] | move=[-0.0, -0.0, 0.0] | target=[-0.0261, 0.1969, 0.0502] | gripper=0.0 | retries=0
[027] OK | final_delta=[-0.0, -0.0, 0.0] | move=[-0.0, -0.0, 0.0] | target=[-0.0261, 0.1966, 0.0496] | gripper=0.0 | retries=0
[028] OK | final_delta=[-0.0, -0.0, 0.0] | move=[-0.0, -0.0, 0.0] | target=[-0.026, 0.1963, 0.049] | gripper=0.0 | retries=0
[029] OK | final_delta=[-0.0, -0.0, 0.0] | move=[-0.0, -0.0, 0.0] | target=[-0.026, 0.196, 0.0484] | gripper=0.0 | retries=0
[030] OK | final_delta=[-0.0005, 0.0022, 0.0004] | move=[-0.0005, 0.0022, 0.0004] | target=[-0.0264, 0.1979, 0.0482] | gripper=0.0 | retries=0
[031] OK | final_delta=[-0.0, -0.0, 0.0] | move=[-0.0, -0.0, 0.0] | target=[-0.0263, 0.1974, 0.0476] | gripper=0.0 | retries=0
[032] OK | final_delta=[-0.0, -0.0, 0.0] | move=[-0.0, -0.0, 0.0] | target=[-0.0263, 0.1971, 0.047] | gripper=0.0 | retries=0
[033] OK | final_delta=[-0.0, -0.0, 0.0] | move=[-0.0, -0.0, 0.0] | target=[-0.0263, 0.1968, 0.0464] | gripper=0.0 | retries=0
[034] OK | final_delta=[-0.0, -0.0, 0.0] | move=[-0.0, -0.0, 0.0] | target=[-0.0262, 0.1965, 0.0457] | gripper=0.0 | retries=0
[035] OK | final_delta=[-0.0, -0.0, 0.0] | move=[-0.0, -0.0, 0.0] | target=[-0.0262, 0.1961, 0.0451] | gripper=0.0 | retries=0
[036] OK | final_delta=[-0.0, -0.0, 0.0] | move=[-0.0, -0.0, 0.0] | target=[-0.0261, 0.1958, 0.0445] | gripper=0.0 | retries=0
[037] OK | final_delta=[-0.0, -0.0, 0.0] | move=[-0.0, -0.0, 0.0] | target=[-0.0261, 0.1955, 0.0439] | gripper=0.0 | retries=0
[038] OK | final_delta=[-0.0, -0.0, 0.0] | move=[-0.0, -0.0, 0.0] | target=[-0.026, 0.1952, 0.0434] | gripper=0.0 | retries=0
[039] OK | final_delta=[-0.0, -0.0, 0.0] | move=[-0.0, -0.0, 0.0] | target=[-0.026, 0.1949, 0.0428] | gripper=0.0 | retries=0
[040] OK | final_delta=[-0.0, -0.0, 0.0] | move=[-0.0, -0.0, 0.0] | target=[-0.026, 0.1945, 0.0422] | gripper=0.0 | retries=0
[041] OK | final_delta=[-0.0, -0.0, 0.0] | move=[-0.0, -0.0, 0.0] | target=[-0.0259, 0.1942, 0.0416] | gripper=0.0 | retries=0
[042] OK | final_delta=[-0.0, -0.0, 0.0] | move=[-0.0, -0.0, 0.0] | target=[-0.0259, 0.1939, 0.041] | gripper=0.0 | retries=0
[043] OK | final_delta=[-0.0, -0.0, 0.0] | move=[-0.0, -0.0, 0.0] | target=[-0.0258, 0.1935, 0.0405] | gripper=0.0 | retries=0
[044] OK | final_delta=[-0.0005, 0.0014, 0.0] | move=[-0.0005, 0.0014, 0.0] | target=[-0.0263, 0.1947, 0.0399] | gripper=0.0 | retries=0
[045] OK | final_delta=[-0.0, -0.0, 0.0] | move=[-0.0, -0.0, 0.0] | target=[-0.0263, 0.1942, 0.0393] | gripper=0.0 | retries=0
[046] OK | final_delta=[-0.0, -0.0, 0.0] | move=[-0.0, -0.0, 0.0] | target=[-0.0262, 0.1939, 0.0388] | gripper=0.0 | retries=0
[047] OK | final_delta=[-0.0, -0.0, 0.0] | move=[-0.0, -0.0, 0.0] | target=[-0.0262, 0.1935, 0.0382] | gripper=0.0 | retries=0
[048] OK | final_delta=[-0.0, -0.0, 0.0] | move=[-0.0, -0.0, 0.0] | target=[-0.0261, 0.1932, 0.0376] | gripper=0.0 | retries=0
[049] OK | final_delta=[-0.0, -0.0, 0.0] | move=[-0.0, -0.0, 0.0] | target=[-0.0261, 0.1929, 0.037] | gripper=0.0 | retries=0
[050] OK | final_delta=[-0.0, -0.0, 0.0] | move=[-0.0, -0.0, 0.0] | target=[-0.026, 0.1925, 0.0365] | gripper=0.0 | retries=0
[051] OK | final_delta=[-0.0005, 0.0014, 0.0002] | move=[-0.0005, 0.0014, 0.0002] | target=[-0.0265, 0.1936, 0.0361] | gripper=0.0 | retries=0
[052] OK | final_delta=[-0.0005, 0.0028, 0.0] | move=[-0.0005, 0.0028, 0.0] | target=[-0.027, 0.196, 0.0355] | gripper=0.0 | retries=0
[053] OK | final_delta=[-0.0, -0.0, 0.0] | move=[-0.0, -0.0, 0.0] | target=[-0.0269, 0.1954, 0.0349] | gripper=1.0 | retries=0
[054] OK | final_delta=[-0.0, -0.0, 0.0] | move=[-0.0, -0.0, 0.0] | target=[-0.0269, 0.195, 0.0344] | gripper=1.0 | retries=0
[055] OK | final_delta=[-0.0, -0.0, 0.0] | move=[-0.0, -0.0, 0.0] | target=[-0.0268, 0.1946, 0.0338] | gripper=1.0 | retries=0

[STOP] interrupted by user
