/usr/local/lib/python3.8/dist-packages/transformers/utils/hub.py:124: FutureWarning: Using `TRANSFORMERS_CACHE` is deprecated and will be removed in v5 of Transformers. Use `HF_HOME` instead.
  warnings.warn(
/usr/local/lib/python3.8/dist-packages/huggingface_hub/file_download.py:949: FutureWarning: `resume_download` is deprecated and will be removed in version 1.0.0. Downloads always resume when possible. If you want to force a new download, use `force_download=True`.
  warnings.warn(
A new version of the following files was downloaded from https://huggingface.co/openvla/openvla-7b:
- processing_prismatic.py
. Make sure to double-check they do not contain any added malicious code. To avoid downloading new versions of the code file, you can pin a revision.
/usr/local/lib/python3.8/dist-packages/huggingface_hub/file_download.py:949: FutureWarning: `resume_download` is deprecated and will be removed in version 1.0.0. Downloads always resume when possible. If you want to force a new download, use `force_download=True`.
  warnings.warn(
A new version of the following files was downloaded from https://huggingface.co/openvla/openvla-7b:
- processing_prismatic.py
. Make sure to double-check they do not contain any added malicious code. To avoid downloading new versions of the code file, you can pin a revision.
A new version of the following files was downloaded from https://huggingface.co/openvla/openvla-7b:
- configuration_prismatic.py
. Make sure to double-check they do not contain any added malicious code. To avoid downloading new versions of the code file, you can pin a revision.
A new version of the following files was downloaded from https://huggingface.co/openvla/openvla-7b:
- modeling_prismatic.py
. Make sure to double-check they do not contain any added malicious code. To avoid downloading new versions of the code file, you can pin a revision.
Loading checkpoint shards:   0%|          | 0/4 [00:00<?, ?it/s]Loading checkpoint shards:  25%|██▌       | 1/4 [00:00<00:00,  4.02it/s]Loading checkpoint shards:  50%|█████     | 2/4 [00:00<00:00,  4.56it/s]Loading checkpoint shards:  75%|███████▌  | 3/4 [00:00<00:00,  4.78it/s]Loading checkpoint shards: 100%|██████████| 4/4 [00:00<00:00,  4.99it/s]Loading checkpoint shards: 100%|██████████| 4/4 [00:00<00:00,  4.81it/s]
Traceback (most recent call last):
  File "openvla_server.py", line 129, in <module>
    main()
  File "openvla_server.py", line 118, in main
    serving_model = OpenVLAServingModel(
  File "openvla_server.py", line 40, in __init__
    self.vla = AutoModelForVision2Seq.from_pretrained(
  File "/usr/local/lib/python3.8/dist-packages/transformers/modeling_utils.py", line 2692, in to
    return super().to(*args, **kwargs)
  File "/usr/local/lib/python3.8/dist-packages/torch/nn/modules/module.py", line 1160, in to
    return self._apply(convert)
  File "/usr/local/lib/python3.8/dist-packages/torch/nn/modules/module.py", line 810, in _apply
    module._apply(fn)
  File "/usr/local/lib/python3.8/dist-packages/torch/nn/modules/module.py", line 810, in _apply
    module._apply(fn)
  File "/usr/local/lib/python3.8/dist-packages/torch/nn/modules/module.py", line 810, in _apply
    module._apply(fn)
  [Previous line repeated 1 more time]
  File "/usr/local/lib/python3.8/dist-packages/torch/nn/modules/module.py", line 833, in _apply
    param_applied = fn(param)
  File "/usr/local/lib/python3.8/dist-packages/torch/nn/modules/module.py", line 1158, in convert
    return t.to(device, dtype if t.is_floating_point() or t.is_complex() else None, non_blocking)
  File "/usr/local/lib/python3.8/dist-packages/torch/cuda/__init__.py", line 298, in _lazy_init
    torch._C._cuda_init()
RuntimeError: CUDA driver initialization failed, you might not have a CUDA gpu.
